com/anji/framework/api/impl/BaseApiService.class
com/anji/rest/api/enus/Filter.class
com/anji/framework/api/enums/ApiContentType.class
com/anji/rest/api/asserts/ArticlesResponseAssert.class
com/anji/rest/api/service/GetArticlesService.class
com/anji/rest/api/asserts/ErrorResponseAssert.class
com/anji/rest/api/pojo/Request.class
com/anji/framework/api/impl/ApiResponse.class
com/anji/framework/api/enums/ApiHeaders.class
com/anji/rest/api/pojo/Article.class
com/anji/rest/api/pojo/ArticlesResponse.class
com/anji/rest/api/pojo/ArticleRequestAndResponse.class
com/anji/rest/api/asserts/ArticleResponseAssert.class
com/anji/rest/api/service/LoginService.class
com/anji/rest/api/service/RegisterService.class
com/anji/framework/api/builder/RequestBuilder$RequestBuilderBuilder.class
com/anji/rest/api/service/CreateArticleService.class
com/anji/rest/api/data/TestDataFactory.class
com/anji/framework/commons/logs/CustomFileAppender.class
com/anji/framework/commons/listeners/SummaryReportListener.class
com/anji/rest/api/pojo/ErrorsJson.class
com/anji/framework/api/impl/Client.class
com/anji/rest/api/pojo/Author.class
com/anji/framework/commons/config/ConfigLoader.class
com/anji/framework/api/impl/ClientService.class
com/anji/framework/commons/listeners/TestManagerListener.class
com/anji/framework/api/utils/ApiUtil.class
com/anji/rest/api/constants/EndPoint.class
com/anji/rest/api/pojo/UserResponse.class
com/anji/framework/api/impl/ClientService$ClientServiceCache.class
com/anji/framework/api/impl/IApiService.class
com/anji/rest/api/pojo/User.class
com/anji/framework/api/constants/ResponseStatusCode.class
com/anji/rest/api/pojo/User$UserBuilder.class
com/anji/framework/api/impl/IResponse.class
com/anji/framework/api/builder/RequestBuilder.class
com/anji/rest/api/pojo/Article$ArticleBuilder.class
