/Users/runner/work/anji-lytweight-rest-api-framework/anji-lytweight-rest-api-framework/src/main/java/com/anji/rest/api/pojo/ErrorsJson.java
/Users/runner/work/anji-lytweight-rest-api-framework/anji-lytweight-rest-api-framework/src/main/java/com/anji/rest/api/enus/Filter.java
/Users/runner/work/anji-lytweight-rest-api-framework/anji-lytweight-rest-api-framework/src/main/java/com/anji/framework/commons/listeners/SummaryReportListener.java
/Users/runner/work/anji-lytweight-rest-api-framework/anji-lytweight-rest-api-framework/src/main/java/com/anji/framework/api/builder/RequestBuilder.java
/Users/runner/work/anji-lytweight-rest-api-framework/anji-lytweight-rest-api-framework/src/main/java/com/anji/rest/api/service/RegisterService.java
/Users/runner/work/anji-lytweight-rest-api-framework/anji-lytweight-rest-api-framework/src/main/java/com/anji/framework/commons/logs/CustomFileAppender.java
/Users/runner/work/anji-lytweight-rest-api-framework/anji-lytweight-rest-api-framework/src/main/java/com/anji/framework/api/enums/ApiContentType.java
/Users/runner/work/anji-lytweight-rest-api-framework/anji-lytweight-rest-api-framework/src/main/java/com/anji/framework/api/constants/ResponseStatusCode.java
/Users/runner/work/anji-lytweight-rest-api-framework/anji-lytweight-rest-api-framework/src/main/java/com/anji/framework/api/impl/IApiService.java
/Users/runner/work/anji-lytweight-rest-api-framework/anji-lytweight-rest-api-framework/src/main/java/com/anji/rest/api/asserts/ArticleResponseAssert.java
/Users/runner/work/anji-lytweight-rest-api-framework/anji-lytweight-rest-api-framework/src/main/java/com/anji/rest/api/asserts/ArticlesResponseAssert.java
/Users/runner/work/anji-lytweight-rest-api-framework/anji-lytweight-rest-api-framework/src/main/java/com/anji/rest/api/data/TestDataFactory.java
/Users/runner/work/anji-lytweight-rest-api-framework/anji-lytweight-rest-api-framework/src/main/java/com/anji/framework/api/impl/BaseApiService.java
/Users/runner/work/anji-lytweight-rest-api-framework/anji-lytweight-rest-api-framework/src/main/java/com/anji/rest/api/pojo/ArticlesResponse.java
/Users/runner/work/anji-lytweight-rest-api-framework/anji-lytweight-rest-api-framework/src/main/java/com/anji/rest/api/service/LoginService.java
/Users/runner/work/anji-lytweight-rest-api-framework/anji-lytweight-rest-api-framework/src/main/java/com/anji/framework/api/impl/ClientService.java
/Users/runner/work/anji-lytweight-rest-api-framework/anji-lytweight-rest-api-framework/src/main/java/com/anji/rest/api/service/GetArticlesService.java
/Users/runner/work/anji-lytweight-rest-api-framework/anji-lytweight-rest-api-framework/src/main/java/com/anji/rest/api/pojo/Author.java
/Users/runner/work/anji-lytweight-rest-api-framework/anji-lytweight-rest-api-framework/src/main/java/com/anji/rest/api/pojo/Article.java
/Users/runner/work/anji-lytweight-rest-api-framework/anji-lytweight-rest-api-framework/src/main/java/com/anji/framework/api/impl/Client.java
/Users/runner/work/anji-lytweight-rest-api-framework/anji-lytweight-rest-api-framework/src/main/java/com/anji/framework/api/enums/ApiHeaders.java
/Users/runner/work/anji-lytweight-rest-api-framework/anji-lytweight-rest-api-framework/src/main/java/com/anji/framework/api/impl/ApiResponse.java
/Users/runner/work/anji-lytweight-rest-api-framework/anji-lytweight-rest-api-framework/src/main/java/com/anji/framework/api/utils/ApiUtil.java
/Users/runner/work/anji-lytweight-rest-api-framework/anji-lytweight-rest-api-framework/src/main/java/com/anji/rest/api/asserts/ErrorResponseAssert.java
/Users/runner/work/anji-lytweight-rest-api-framework/anji-lytweight-rest-api-framework/src/main/java/com/anji/framework/api/impl/IResponse.java
/Users/runner/work/anji-lytweight-rest-api-framework/anji-lytweight-rest-api-framework/src/main/java/com/anji/rest/api/pojo/UserResponse.java
/Users/runner/work/anji-lytweight-rest-api-framework/anji-lytweight-rest-api-framework/src/main/java/com/anji/rest/api/constants/EndPoint.java
/Users/runner/work/anji-lytweight-rest-api-framework/anji-lytweight-rest-api-framework/src/main/java/com/anji/rest/api/pojo/User.java
/Users/runner/work/anji-lytweight-rest-api-framework/anji-lytweight-rest-api-framework/src/main/java/com/anji/framework/commons/listeners/TestManagerListener.java
/Users/runner/work/anji-lytweight-rest-api-framework/anji-lytweight-rest-api-framework/src/main/java/com/anji/framework/commons/config/ConfigLoader.java
/Users/runner/work/anji-lytweight-rest-api-framework/anji-lytweight-rest-api-framework/src/main/java/com/anji/rest/api/pojo/Request.java
/Users/runner/work/anji-lytweight-rest-api-framework/anji-lytweight-rest-api-framework/src/main/java/com/anji/rest/api/service/CreateArticleService.java
/Users/runner/work/anji-lytweight-rest-api-framework/anji-lytweight-rest-api-framework/src/main/java/com/anji/rest/api/pojo/ArticleRequestAndResponse.java
